// Vitest Snapshot v1

exports[`tsToLine 1`] = `
[
  [
    "date",
    "ag",
    "ai",
    "ar",
    "be",
    "bl",
    "bs",
    "fr",
    "ge",
    "gl",
    "gr",
    "ju",
    "lu",
    "ne",
    "nw",
    "ow",
    "sg",
    "sh",
    "so",
    "sz",
    "tg",
    "ti",
    "ur",
    "vd",
    "vs",
    "zg",
    "zh",
  ],
  [
    "2021-01-01",
    0,
    0,
    0,
    0,
    0,
    0,
    0,
    0,
    0,
    0,
    0,
    0,
    0,
    0,
    0,
    0,
    0,
    0,
    0,
    0,
    0,
    0,
    0,
    0,
    0,
    0,
  ],
  [
    "2021-01-08",
    1,
    1,
    1,
    1,
    1,
    1,
    1,
    1,
    1,
    1,
    1,
    1,
    1,
    1,
    1,
    1,
    1,
    1,
    1,
    1,
    1,
    1,
    1,
    1,
    1,
    1,
  ],
  [
    "2021-01-15",
    2,
    2,
    2,
    2,
    2,
    2,
    2,
    2,
    2,
    2,
    2,
    2,
    2,
    2,
    2,
    2,
    2,
    2,
    2,
    2,
    2,
    2,
    2,
    2,
    2,
    2,
  ],
  [
    "2021-01-22",
    3,
    3,
    3,
    3,
    3,
    3,
    3,
    3,
    3,
    3,
    3,
    3,
    3,
    3,
    3,
    3,
    3,
    3,
    3,
    3,
    3,
    3,
    3,
    3,
    3,
    3,
  ],
  [
    "2021-01-29",
    4,
    4,
    4,
    4,
    4,
    4,
    4,
    4,
    4,
    4,
    4,
    4,
    4,
    4,
    4,
    4,
    4,
    4,
    4,
    4,
    4,
    4,
    4,
    4,
    4,
    4,
  ],
  [
    "2021-02-05",
    5,
    5,
    5,
    5,
    5,
    5,
    5,
    5,
    5,
    5,
    5,
    5,
    5,
    5,
    5,
    5,
    5,
    5,
    5,
    5,
    5,
    5,
    5,
    5,
    5,
    5,
  ],
  [
    "2021-02-12",
    6,
    6,
    6,
    6,
    6,
    6,
    6,
    6,
    6,
    6,
    6,
    6,
    6,
    6,
    6,
    6,
    6,
    6,
    6,
    6,
    6,
    6,
    6,
    6,
    6,
    6,
  ],
  [
    "2021-02-19",
    7,
    7,
    7,
    7,
    7,
    7,
    7,
    7,
    7,
    7,
    7,
    7,
    7,
    7,
    7,
    7,
    7,
    7,
    7,
    7,
    7,
    7,
    7,
    7,
    7,
    7,
  ],
  [
    "2021-02-26",
    8,
    8,
    8,
    8,
    8,
    8,
    8,
    8,
    8,
    8,
    8,
    8,
    8,
    8,
    8,
    8,
    8,
    8,
    8,
    8,
    8,
    8,
    8,
    8,
    8,
    8,
  ],
  [
    "2021-03-05",
    9,
    9,
    9,
    9,
    9,
    9,
    9,
    9,
    9,
    9,
    9,
    9,
    9,
    9,
    9,
    9,
    9,
    9,
    9,
    9,
    9,
    9,
    9,
    9,
    9,
    9,
  ],
]
`;

exports[`tsToMap 1`] = `
[
  {
    "name": "AG",
    "value": 0,
  },
  {
    "name": "AI",
    "value": 0,
  },
  {
    "name": "AR",
    "value": 0,
  },
  {
    "name": "BE",
    "value": 0,
  },
  {
    "name": "BL",
    "value": 0,
  },
  {
    "name": "BS",
    "value": 0,
  },
  {
    "name": "FR",
    "value": 0,
  },
  {
    "name": "GE",
    "value": 0,
  },
  {
    "name": "GL",
    "value": 0,
  },
  {
    "name": "GR",
    "value": 0,
  },
  {
    "name": "JU",
    "value": 0,
  },
  {
    "name": "LU",
    "value": 0,
  },
  {
    "name": "NE",
    "value": 0,
  },
  {
    "name": "NW",
    "value": 0,
  },
  {
    "name": "OW",
    "value": 0,
  },
  {
    "name": "SG",
    "value": 0,
  },
  {
    "name": "SH",
    "value": 0,
  },
  {
    "name": "SO",
    "value": 0,
  },
  {
    "name": "SZ",
    "value": 0,
  },
  {
    "name": "TG",
    "value": 0,
  },
  {
    "name": "TI",
    "value": 0,
  },
  {
    "name": "UR",
    "value": 0,
  },
  {
    "name": "VD",
    "value": 0,
  },
  {
    "name": "VS",
    "value": 0,
  },
  {
    "name": "ZG",
    "value": 0,
  },
  {
    "name": "ZH",
    "value": 0,
  },
]
`;
