// Jest Snapshot v1, https://goo.gl/fbAQLP

exports[`cantons definition is intact 1`] = `
Array [
  "ag",
  "ai",
  "ar",
  "be",
  "bl",
  "bs",
  "fr",
  "ge",
  "gl",
  "gr",
  "ju",
  "lu",
  "ne",
  "nw",
  "ow",
  "sg",
  "sh",
  "so",
  "sz",
  "tg",
  "ti",
  "ur",
  "vd",
  "vs",
  "zg",
  "zh",
]
`;
